${side = 1.0}
${height = 1.0}
${separation = 0.0}
${h_fine = 1/3}
${h_coarse = 1/2}

${area = side * side}
${offset = (height + separation) / 2.0}

create brick x {side} y {side} z {height}
move volume 1 z {-offset} include_merged
#volume 1 scheme tetmesh
volume 1 size {h_fine}
mesh volume 1
block 1 volume 1
#block 1 element type tetra4
block 1 name "fine"
nodeset 1 surface 4
nodeset 1 name "nsx-"
nodeset 2 surface 6
nodeset 2 name "nsx+"
nodeset 3 surface 3
nodeset 3 name "nsy-"
nodeset 4 surface 5
nodeset 4 name "nsy+"
nodeset 5 surface 2
nodeset 5 name "nsz-"
nodeset 6 surface 1
nodeset 6 name "nsz+"
sideset 1 surface 4
sideset 1 name "ssx-"
sideset 2 surface 6
sideset 2 name "ssx+"
sideset 3 surface 3
sideset 3 name "ssy-"
sideset 4 surface 5
sideset 4 name "ssy+"
sideset 5 surface 2
sideset 5 name "ssz-"
sideset 6 surface 1
sideset 6 name "ssz+"
set large exodus file off
export mesh "cube_fine_nonconf.g" overwrite
delete mesh
move volume 1 z {2 * offset} include_merged
#volume 1 scheme tetmesh
volume 1 size {h_coarse}
mesh volume 1
block 1 volume 1
#block 1 element type tetra4
block 1 name "coarse"
nodeset 1 surface 4
nodeset 1 name "nsx-"
nodeset 2 surface 6
nodeset 2 name "nsx+"
nodeset 3 surface 3
nodeset 3 name "nsy-"
nodeset 4 surface 5
nodeset 4 name "nsy+"
nodeset 5 surface 2
nodeset 5 name "nsz-"
nodeset 6 surface 1
nodeset 6 name "nsz+"
sideset 1 surface 4
sideset 1 name "ssx-"
sideset 2 surface 6
sideset 2 name "ssx+"
sideset 3 surface 3
sideset 3 name "ssy-"
sideset 4 surface 5
sideset 4 name "ssy+"
sideset 5 surface 2
sideset 5 name "ssz-"
sideset 6 surface 1
sideset 6 name "ssz+"
set large exodus file off
export mesh "cube_coarse_nonconf.g" overwrite
